#
# There is insufficient memory for the Java Runtime Environment to continue.
# Native memory allocation (malloc) failed to allocate 1177456 bytes. Error detail: Chunk::new
# Possible reasons:
#   The system is out of physical RAM or swap space
#   This process is running with CompressedOops enabled, and the Java Heap may be blocking the growth of the native heap
# Possible solutions:
#   Reduce memory load on the system
#   Increase physical memory or swap space
#   Check if swap backing store is full
#   Decrease Java heap size (-Xmx/-Xms)
#   Decrease number of Java threads
#   Decrease Java thread stack sizes (-Xss)
#   Set larger code cache with -XX:ReservedCodeCacheSize=
#   JVM is running with Unscaled Compressed Oops mode in which the Java heap is
#     placed in the first 4GB address space. The Java Heap base address is the
#     maximum limit for the native heap growth. Please use -XX:HeapBaseMinAddress
#     to set the Java Heap base and to place the Java Heap above 4GB virtual address.
# This output file may be truncated or incomplete.
#
#  Out of Memory Error (arena.cpp:168), pid=18812, tid=28884
#
# JRE version: OpenJDK Runtime Environment Temurin-21.0.10+7 (21.0.10+7) (build 21.0.10+7-LTS)
# Java VM: OpenJDK 64-Bit Server VM Temurin-21.0.10+7 (21.0.10+7-LTS, mixed mode, sharing, tiered, compressed oops, compressed class ptrs, parallel gc, windows-amd64)
# No core dump will be written. Minidumps are not enabled by default on client versions of Windows
#

---------------  S U M M A R Y ------------

Command Line: --add-modules=ALL-SYSTEM --add-opens=java.base/java.util=ALL-UNNAMED --add-opens=java.base/java.lang=ALL-UNNAMED --add-opens=java.base/sun.nio.fs=ALL-UNNAMED -Declipse.application=org.eclipse.jdt.ls.core.id1 -Dosgi.bundles.defaultStartLevel=4 -Declipse.product=org.eclipse.jdt.ls.core.product -Djava.import.generatesMetadataFilesAtProjectRoot=false -DDetectVMInstallationsJob.disabled=true -Dfile.encoding=utf8 -XX:+UseParallelGC -XX:GCTimeRatio=4 -XX:AdaptiveSizePolicyWeight=90 -Dsun.zip.disableMemoryMapping=true -Xmx2G -Xms100m -Xlog:disable -javaagent:c:\Users\vikas\.antigravity\extensions\redhat.java-1.54.0-win32-x64\lombok\lombok-1.18.39-4050.jar -XX:+HeapDumpOnOutOfMemoryError -XX:HeapDumpPath=c:\Users\vikas\AppData\Roaming\Antigravity\User\workspaceStorage\0d70db5b4cd71b2e347c03300da532e0\redhat.java -Daether.dependencyCollector.impl=bf c:\Users\vikas\.antigravity\extensions\redhat.java-1.54.0-win32-x64\server\plugins\org.eclipse.equinox.launcher_1.7.100.v20251111-0406.jar -configuration c:\Users\vikas\AppData\Roaming\Antigravity\User\globalStorage\redhat.java\1.54.0\config_win -data c:\Users\vikas\AppData\Roaming\Antigravity\User\workspaceStorage\0d70db5b4cd71b2e347c03300da532e0\redhat.java\jdt_ws --pipe=\\.\pipe\lsp-6f4c65e38d2c75554f29fe5535849c66-sock

Host: 12th Gen Intel(R) Core(TM) i5-1235U, 12 cores, 15G,  Windows 11 , 64 bit Build 26100 (10.0.26100.8328)
Time: Sun May 17 13:41:21 2026 India Standard Time elapsed time: 139.425127 seconds (0d 0h 2m 19s)

---------------  T H R E A D  ---------------

Current thread (0x00000239d8532820):  JavaThread "C2 CompilerThread1" daemon [_thread_in_native, id=28884, stack(0x0000008456300000,0x0000008456400000) (1024K)]


Current CompileTask:
C2:139425 9774       4       org.eclipse.jdt.internal.core.search.indexing.BinaryIndexer::extractReferenceFromConstantPool (358 bytes)

Stack: [0x0000008456300000,0x0000008456400000]
Native frames: (J=compiled Java code, j=interpreted, Vv=VM code, C=native code)
V  [jvm.dll+0x6d7a39]
V  [jvm.dll+0x8b4b26]
V  [jvm.dll+0x8b70de]
V  [jvm.dll+0x8b77c3]
V  [jvm.dll+0x284346]
V  [jvm.dll+0xc66ed]
V  [jvm.dll+0xc6c31]
V  [jvm.dll+0x3bec01]
V  [jvm.dll+0x1e3d62]
V  [jvm.dll+0x24c6b3]
V  [jvm.dll+0x24bb40]
V  [jvm.dll+0x1cb34e]
V  [jvm.dll+0x25b85d]
V  [jvm.dll+0x259dea]
V  [jvm.dll+0x3f857e]
V  [jvm.dll+0x85f59d]
V  [jvm.dll+0x6d626d]
C  [ucrtbase.dll+0x37b0]
C  [KERNEL32.DLL+0x2e957]
C  [ntdll.dll+0x427c]


---------------  P R O C E S S  ---------------

Threads class SMR info:
_java_thread_list=0x00000239d74d86a0, length=55, elements={
0x00000239f831d0e0, 0x00000239f82cda10, 0x00000239f82ce8d0, 0x00000239d6014d70,
0x00000239d6017650, 0x00000239d60199d0, 0x00000239d601c0e0, 0x00000239d602ae80,
0x00000239d6031700, 0x00000239d620f170, 0x00000239d6344ff0, 0x00000239d6c083c0,
0x00000239d6c50710, 0x00000239d6a98da0, 0x00000239d65ef940, 0x00000239d722c9a0,
0x00000239d6241970, 0x00000239d60e3000, 0x00000239d64b7390, 0x00000239d64b6670,
0x00000239d64b3f10, 0x00000239d64b5950, 0x00000239d64b6d00, 0x00000239d99817c0,
0x00000239d997fd80, 0x00000239d9981130, 0x00000239d9980aa0, 0x00000239d9981e50,
0x00000239d997f060, 0x00000239d9980410, 0x00000239d99824e0, 0x00000239d9982b70,
0x00000239d997f6f0, 0x00000239d9983f20, 0x00000239d9983200, 0x00000239d9985960,
0x00000239d99845b0, 0x00000239d9986680, 0x00000239d9985ff0, 0x00000239d99852d0,
0x00000239d9609fc0, 0x00000239d960a650, 0x00000239d96092a0, 0x00000239d960ace0,
0x00000239d9609930, 0x00000239d9607ef0, 0x00000239d9607860, 0x00000239d960b370,
0x00000239d9608580, 0x00000239d9608c10, 0x00000239d960e160, 0x00000239d960dad0,
0x00000239d960ee80, 0x00000239d8532820, 0x00000239dd3c4a10
}

Java Threads: ( => current thread )
  0x00000239f831d0e0 JavaThread "main"                              [_thread_blocked, id=23956, stack(0x0000008452300000,0x0000008452400000) (1024K)]
  0x00000239f82cda10 JavaThread "Reference Handler"          daemon [_thread_blocked, id=18964, stack(0x0000008452700000,0x0000008452800000) (1024K)]
  0x00000239f82ce8d0 JavaThread "Finalizer"                  daemon [_thread_blocked, id=25692, stack(0x0000008452800000,0x0000008452900000) (1024K)]
  0x00000239d6014d70 JavaThread "Signal Dispatcher"          daemon [_thread_blocked, id=21128, stack(0x0000008452900000,0x0000008452a00000) (1024K)]
  0x00000239d6017650 JavaThread "Attach Listener"            daemon [_thread_blocked, id=30416, stack(0x0000008452a00000,0x0000008452b00000) (1024K)]
  0x00000239d60199d0 JavaThread "Service Thread"             daemon [_thread_blocked, id=2344, stack(0x0000008452b00000,0x0000008452c00000) (1024K)]
  0x00000239d601c0e0 JavaThread "Monitor Deflation Thread"   daemon [_thread_blocked, id=28260, stack(0x0000008452c00000,0x0000008452d00000) (1024K)]
  0x00000239d602ae80 JavaThread "C2 CompilerThread0"         daemon [_thread_in_native, id=15260, stack(0x0000008452d00000,0x0000008452e00000) (1024K)]
  0x00000239d6031700 JavaThread "C1 CompilerThread0"         daemon [_thread_blocked, id=19192, stack(0x0000008452e00000,0x0000008452f00000) (1024K)]
  0x00000239d620f170 JavaThread "Common-Cleaner"             daemon [_thread_blocked, id=21140, stack(0x0000008453000000,0x0000008453100000) (1024K)]
  0x00000239d6344ff0 JavaThread "Notification Thread"        daemon [_thread_blocked, id=30484, stack(0x0000008453100000,0x0000008453200000) (1024K)]
  0x00000239d6c083c0 JavaThread "Active Thread: Equinox Container: c0f00ed0-83b3-4a4e-be59-0488e33c5e57"        [_thread_blocked, id=5160, stack(0x0000008453900000,0x0000008453a00000) (1024K)]
  0x00000239d6c50710 JavaThread "Refresh Thread: Equinox Container: c0f00ed0-83b3-4a4e-be59-0488e33c5e57" daemon [_thread_blocked, id=18288, stack(0x0000008453200000,0x0000008453300000) (1024K)]
  0x00000239d6a98da0 JavaThread "Framework Event Dispatcher: Equinox Container: c0f00ed0-83b3-4a4e-be59-0488e33c5e57" daemon [_thread_blocked, id=28212, stack(0x0000008453a00000,0x0000008453b00000) (1024K)]
  0x00000239d65ef940 JavaThread "Start Level: Equinox Container: c0f00ed0-83b3-4a4e-be59-0488e33c5e57" daemon [_thread_blocked, id=30680, stack(0x0000008453b00000,0x0000008453c00000) (1024K)]
  0x00000239d722c9a0 JavaThread "Bundle File Closer"         daemon [_thread_blocked, id=3516, stack(0x0000008453f00000,0x0000008454000000) (1024K)]
  0x00000239d6241970 JavaThread "SCR Component Actor"        daemon [_thread_blocked, id=1228, stack(0x0000008453e00000,0x0000008453f00000) (1024K)]
  0x00000239d60e3000 JavaThread "Worker-JM"                         [_thread_blocked, id=27700, stack(0x0000008454100000,0x0000008454200000) (1024K)]
  0x00000239d64b7390 JavaThread "Worker-0: Initialize Workspace"        [_thread_blocked, id=30512, stack(0x0000008454200000,0x0000008454300000) (1024K)]
  0x00000239d64b6670 JavaThread "Worker-1"                          [_thread_blocked, id=21864, stack(0x0000008454300000,0x0000008454400000) (1024K)]
  0x00000239d64b3f10 JavaThread "Worker-3"                          [_thread_blocked, id=30144, stack(0x0000008454600000,0x0000008454700000) (1024K)]
  0x00000239d64b5950 JavaThread "Java indexing"              daemon [_thread_in_Java, id=9608, stack(0x0000008454700000,0x0000008454800000) (1024K)]
  0x00000239d64b6d00 JavaThread "JNA Cleaner"                daemon [_thread_blocked, id=28484, stack(0x0000008454800000,0x0000008454900000) (1024K)]
  0x00000239d99817c0 JavaThread "Thread-1"                   daemon [_thread_in_native, id=25036, stack(0x0000008454d00000,0x0000008454e00000) (1024K)]
  0x00000239d997fd80 JavaThread "Thread-2"                   daemon [_thread_in_native, id=30708, stack(0x0000008454e00000,0x0000008454f00000) (1024K)]
  0x00000239d9981130 JavaThread "Thread-3"                   daemon [_thread_in_native, id=30712, stack(0x0000008454f00000,0x0000008455000000) (1024K)]
  0x00000239d9980aa0 JavaThread "Thread-4"                   daemon [_thread_in_native, id=30244, stack(0x0000008455000000,0x0000008455100000) (1024K)]
  0x00000239d9981e50 JavaThread "Thread-5"                   daemon [_thread_in_native, id=18904, stack(0x0000008455100000,0x0000008455200000) (1024K)]
  0x00000239d997f060 JavaThread "Thread-6"                   daemon [_thread_in_native, id=28916, stack(0x0000008455200000,0x0000008455300000) (1024K)]
  0x00000239d9980410 JavaThread "Thread-7"                   daemon [_thread_in_native, id=26844, stack(0x0000008454400000,0x0000008454500000) (1024K)]
  0x00000239d99824e0 JavaThread "Thread-8"                   daemon [_thread_in_native, id=29824, stack(0x0000008455300000,0x0000008455400000) (1024K)]
  0x00000239d9982b70 JavaThread "Thread-9"                   daemon [_thread_in_native, id=21056, stack(0x0000008455400000,0x0000008455500000) (1024K)]
  0x00000239d997f6f0 JavaThread "Thread-10"                  daemon [_thread_in_native, id=27516, stack(0x0000008455500000,0x0000008455600000) (1024K)]
  0x00000239d9983f20 JavaThread "Thread-11"                  daemon [_thread_in_native, id=29708, stack(0x0000008455600000,0x0000008455700000) (1024K)]
  0x00000239d9983200 JavaThread "Thread-12"                  daemon [_thread_in_native, id=29412, stack(0x0000008455700000,0x0000008455800000) (1024K)]
  0x00000239d9985960 JavaThread "Thread-13"                  daemon [_thread_in_native, id=22796, stack(0x0000008455800000,0x0000008455900000) (1024K)]
  0x00000239d99845b0 JavaThread "pool-2-thread-1"                   [_thread_blocked, id=27836, stack(0x0000008455900000,0x0000008455a00000) (1024K)]
  0x00000239d9986680 JavaThread "WorkspaceEventsHandler"            [_thread_blocked, id=2028, stack(0x0000008455c00000,0x0000008455d00000) (1024K)]
  0x00000239d9985ff0 JavaThread "pool-1-thread-1"                   [_thread_blocked, id=16904, stack(0x0000008455d00000,0x0000008455e00000) (1024K)]
  0x00000239d99852d0 JavaThread "ProjectImportProgressReporter" daemon [_thread_blocked, id=13360, stack(0x0000008455f00000,0x0000008456000000) (1024K)]
  0x00000239d9609fc0 JavaThread "Timer-0"                           [_thread_blocked, id=20172, stack(0x0000008456000000,0x0000008456100000) (1024K)]
  0x00000239d960a650 JavaThread "Timer-1"                           [_thread_blocked, id=29920, stack(0x0000008454000000,0x0000008454100000) (1024K)]
  0x00000239d96092a0 JavaThread "Timer-2"                           [_thread_blocked, id=26700, stack(0x0000008455a00000,0x0000008455b00000) (1024K)]
  0x00000239d960ace0 JavaThread "Timer-3"                           [_thread_blocked, id=24116, stack(0x0000008455e00000,0x0000008455f00000) (1024K)]
  0x00000239d9609930 JavaThread "Timer-4"                           [_thread_blocked, id=14392, stack(0x0000008456100000,0x0000008456200000) (1024K)]
  0x00000239d9607ef0 JavaThread "Timer-5"                           [_thread_blocked, id=28108, stack(0x0000008452000000,0x0000008452100000) (1024K)]
  0x00000239d9607860 JavaThread "Timer-6"                           [_thread_blocked, id=28404, stack(0x0000008452100000,0x0000008452200000) (1024K)]
  0x00000239d960b370 JavaThread "Worker-6"                          [_thread_blocked, id=29052, stack(0x0000008454500000,0x0000008454600000) (1024K)]
  0x00000239d9608580 JavaThread "Timer-7"                           [_thread_blocked, id=28732, stack(0x0000008454a00000,0x0000008454b00000) (1024K)]
  0x00000239d9608c10 JavaThread "Connection worker"                 [_thread_in_native, id=28996, stack(0x0000008454b00000,0x0000008454c00000) (1024K)]
  0x00000239d960e160 JavaThread "pool-4-thread-1"                   [_thread_blocked, id=26900, stack(0x0000008454c00000,0x0000008454d00000) (1024K)]
  0x00000239d960dad0 JavaThread "Worker-7: Java indexing... "        [_thread_blocked, id=25520, stack(0x0000008456200000,0x0000008456300000) (1024K)]
  0x00000239d960ee80 JavaThread "Worker-8"                          [_thread_blocked, id=17804, stack(0x0000008452200000,0x0000008452300000) (1024K)]
=>0x00000239d8532820 JavaThread "C2 CompilerThread1"         daemon [_thread_in_native, id=28884, stack(0x0000008456300000,0x0000008456400000) (1024K)]
  0x00000239dd3c4a10 JavaThread "C2 CompilerThread2"         daemon [_thread_in_native, id=28852, stack(0x0000008456400000,0x0000008456500000) (1024K)]
Total: 55

Other Threads:
  0x00000239f82b5960 VMThread "VM Thread"                           [id=10068, stack(0x0000008452600000,0x0000008452700000) (1024K)]
  0x00000239f81aba00 WatcherThread "VM Periodic Task Thread"        [id=30496, stack(0x0000008452500000,0x0000008452600000) (1024K)]
  0x00000239f833c1e0 WorkerThread "GC Thread#0"                     [id=26720, stack(0x0000008452400000,0x0000008452500000) (1024K)]
  0x00000239d65df250 WorkerThread "GC Thread#1"                     [id=24580, stack(0x0000008453300000,0x0000008453400000) (1024K)]
  0x00000239d65df600 WorkerThread "GC Thread#2"                     [id=22444, stack(0x0000008453400000,0x0000008453500000) (1024K)]
  0x00000239d65df9b0 WorkerThread "GC Thread#3"                     [id=26380, stack(0x0000008453500000,0x0000008453600000) (1024K)]
  0x00000239d6682190 WorkerThread "GC Thread#4"                     [id=13804, stack(0x0000008453600000,0x0000008453700000) (1024K)]
  0x00000239d6682540 WorkerThread "GC Thread#5"                     [id=4204, stack(0x0000008453700000,0x0000008453800000) (1024K)]
  0x00000239d66828f0 WorkerThread "GC Thread#6"                     [id=7484, stack(0x0000008453800000,0x0000008453900000) (1024K)]
  0x00000239d6813b70 WorkerThread "GC Thread#7"                     [id=2572, stack(0x0000008452f00000,0x0000008453000000) (1024K)]
  0x00000239d6e76ae0 WorkerThread "GC Thread#8"                     [id=24452, stack(0x0000008453c00000,0x0000008453d00000) (1024K)]
  0x00000239d639ddc0 WorkerThread "GC Thread#9"                     [id=13968, stack(0x0000008453d00000,0x0000008453e00000) (1024K)]
Total: 12

Threads with active compile tasks:
C2 CompilerThread0  142547 9733   !   4       org.eclipse.jdt.internal.core.search.indexing.BinaryIndexer::indexDocument (1172 bytes)
C2 CompilerThread1  142548 9774       4       org.eclipse.jdt.internal.core.search.indexing.BinaryIndexer::extractReferenceFromConstantPool (358 bytes)
C2 CompilerThread2  142548 9787       4       org.eclipse.jdt.internal.core.search.indexing.BinaryIndexer::extractArgCount (316 bytes)
Total: 3

VM state: not at safepoint (normal execution)

VM Mutex/Monitor currently owned by a thread: None

Heap address: 0x0000000080000000, size: 2048 MB, Compressed Oops mode: 32-bit

CDS archive(s) mapped at: [0x000002398f000000-0x000002398fba0000-0x000002398fba0000), size 12189696, SharedBaseAddress: 0x000002398f000000, ArchiveRelocationMode: 1.
Compressed class space mapped at: 0x0000023990000000-0x00000239d0000000, reserved size: 1073741824
Narrow klass base: 0x000002398f000000, Narrow klass shift: 0, Narrow klass range: 0x100000000

GC Precious Log:
 CardTable entry size: 512
 CPUs: 12 total, 12 available
 Memory: 16055M
 Large Page Support: Disabled
 NUMA Support: Disabled
 Compressed Oops: Enabled (32-bit)
 Alignments: Space 512K, Generation 512K, Heap 2M
 Heap Min Capacity: 100M
 Heap Initial Capacity: 100M
 Heap Max Capacity: 2G
 Pre-touch: Disabled
 Parallel Workers: 10

Heap:
 PSYoungGen      total 11776K, used 4855K [0x00000000d5580000, 0x00000000d6380000, 0x0000000100000000)
  eden space 9216K, 30% used [0x00000000d5580000,0x00000000d5847bc0,0x00000000d5e80000)
  from space 2560K, 78% used [0x00000000d5e80000,0x00000000d6076198,0x00000000d6100000)
  to   space 2560K, 0% used [0x00000000d6100000,0x00000000d6100000,0x00000000d6380000)
 ParOldGen       total 91648K, used 91203K [0x0000000080000000, 0x0000000085980000, 0x00000000d5580000)
  object space 91648K, 99% used [0x0000000080000000,0x0000000085910df8,0x0000000085980000)
 Metaspace       used 73791K, committed 75328K, reserved 1179648K
  class space    used 9204K, committed 9856K, reserved 1048576K

Card table byte_map: [0x00000239f7cc0000,0x00000239f80d0000] _byte_map_base: 0x00000239f78c0000

Marking Bits: (ParMarkBitMap*) 0x00007ffe89ad3450
 Begin Bits: [0x00000239fb7d0000, 0x00000239fd7d0000)
 End Bits:   [0x00000239fd7d0000, 0x00000239ff7d0000)

Polling page: 0x00000239f6140000

Metaspace:

Usage:
  Non-class:     63.07 MB used.
      Class:      8.99 MB used.
       Both:     72.06 MB used.

Virtual space:
  Non-class space:      128.00 MB reserved,      63.94 MB ( 50%) committed,  2 nodes.
      Class space:        1.00 GB reserved,       9.62 MB ( <1%) committed,  1 nodes.
             Both:        1.12 GB reserved,      73.56 MB (  6%) committed. 

Chunk freelists:
   Non-Class:  15.53 MB
       Class:  6.39 MB
        Both:  21.92 MB

MaxMetaspaceSize: unlimited
CompressedClassSpaceSize: 1.00 GB
Initial GC threshold: 21.00 MB
Current GC threshold: 97.31 MB
CDS: on
 - commit_granule_bytes: 65536.
 - commit_granule_words: 8192.
 - virtual_space_node_default_size: 8388608.
 - enlarge_chunks_in_place: 1.
 - use_allocation_guard: 0.


Internal statistics:

num_allocs_failed_limit: 9.
num_arena_births: 1350.
num_arena_deaths: 40.
num_vsnodes_births: 3.
num_vsnodes_deaths: 0.
num_space_committed: 1177.
num_space_uncommitted: 0.
num_chunks_returned_to_freelist: 57.
num_chunks_taken_from_freelist: 4538.
num_chunk_merges: 13.
num_chunk_splits: 2858.
num_chunks_enlarged: 1710.
num_inconsistent_stats: 0.

CodeHeap 'non-profiled nmethods': size=120000Kb used=6789Kb max_used=6789Kb free=113211Kb
 bounds [0x0000023987ad0000, 0x0000023988180000, 0x000002398f000000]
CodeHeap 'profiled nmethods': size=120000Kb used=18324Kb max_used=18324Kb free=101675Kb
 bounds [0x0000023980000000, 0x00000239811f0000, 0x0000023987530000]
CodeHeap 'non-nmethods': size=5760Kb used=1452Kb max_used=1499Kb free=4307Kb
 bounds [0x0000023987530000, 0x00000239877a0000, 0x0000023987ad0000]
CodeCache: size=245760Kb, used=26565Kb, max_used=26612Kb, free=219193Kb
 total_blobs=9754, nmethods=8990, adapters=670, full_count=0
Compilation: enabled, stopped_count=0, restarted_count=0

Compilation events (20 events):
Event: 137.736 Thread 0x00000239d8532820 nmethod 9760 0x0000023988166690 code [0x00000239881668a0, 0x0000023988166f88]
Event: 137.736 Thread 0x00000239d8532820 9761       4       org.eclipse.jdt.internal.compiler.classfmt.FieldInfo::getTypeName (49 bytes)
Event: 137.762 Thread 0x00000239d8532820 nmethod 9761 0x0000023988167590 code [0x00000239881677a0, 0x0000023988167e88]
Event: 137.763 Thread 0x00000239d8532820 9742       4       java.lang.StringConcatHelper::prepend (22 bytes)
Event: 137.774 Thread 0x00000239d8532820 nmethod 9742 0x0000023988168490 code [0x0000023988168640, 0x0000023988168940]
Event: 137.774 Thread 0x00000239d8532820 9753       4       jdk.internal.jrtfs.JrtFileSystem::checkNode (40 bytes)
Event: 137.848 Thread 0x00000239d8532820 nmethod 9753 0x0000023988168b90 code [0x0000023988168e00, 0x0000023988169b50]
Event: 137.848 Thread 0x00000239d8532820 9771       4       org.eclipse.jdt.internal.core.search.indexing.BinaryIndexer::decodeFieldType (379 bytes)
Event: 137.908 Thread 0x00000239d8532820 nmethod 9771 0x000002398816a510 code [0x000002398816a780, 0x000002398816b1f0]
Event: 137.909 Thread 0x00000239d8532820 9769       4       org.eclipse.jdt.internal.core.search.indexing.AbstractIndexer::addMethodReference (13 bytes)
Event: 137.955 Thread 0x00000239d8532820 nmethod 9769 0x000002398816b790 code [0x000002398816ba20, 0x000002398816c978]
Event: 137.955 Thread 0x00000239d8532820 9774       4       org.eclipse.jdt.internal.core.search.indexing.BinaryIndexer::extractReferenceFromConstantPool (358 bytes)
Event: 137.999 Thread 0x00000239d6031700 9775       3       java.lang.Character::isDigit (9 bytes)
Event: 138.000 Thread 0x00000239d6031700 nmethod 9775 0x00000239811ca610 code [0x00000239811ca7c0, 0x00000239811ca9b8]
Event: 138.027 Thread 0x00000239d6031700 9776   !   3       org.eclipse.jdt.internal.compiler.classfmt.ClassFileReader::<init> (1968 bytes)
Event: 138.039 Thread 0x00000239d6031700 nmethod 9776 0x00000239811caa90 code [0x00000239811cb4a0, 0x00000239811d33a8]
Event: 138.043 Thread 0x00000239d6031700 9777       3       org.eclipse.jdt.internal.compiler.classfmt.MethodInfo::createMethod (710 bytes)
Event: 138.050 Thread 0x00000239d6031700 nmethod 9777 0x00000239811d8e10 code [0x00000239811d92e0, 0x00000239811dbef0]
Event: 138.051 Thread 0x00000239d6031700 9778       3       org.eclipse.jdt.internal.compiler.classfmt.AnnotationInfo::scanElementValue (256 bytes)
Event: 138.052 Thread 0x00000239d6031700 nmethod 9778 0x00000239811dcf90 code [0x00000239811dd1c0, 0x00000239811ddc08]

GC Heap History (20 events):
Event: 137.000 GC heap after
{Heap after GC invocations=61 (full 3):
 PSYoungGen      total 13312K, used 2479K [0x00000000d5580000, 0x00000000d6680000, 0x0000000100000000)
  eden space 10752K, 0% used [0x00000000d5580000,0x00000000d5580000,0x00000000d6000000)
  from space 2560K, 96% used [0x00000000d6400000,0x00000000d666bfd8,0x00000000d6680000)
  to   space 3072K, 0% used [0x00000000d6080000,0x00000000d6080000,0x00000000d6380000)
 ParOldGen       total 69120K, used 68669K [0x0000000080000000, 0x0000000084380000, 0x00000000d5580000)
  object space 69120K, 99% used [0x0000000080000000,0x000000008430f4d0,0x0000000084380000)
 Metaspace       used 73667K, committed 75136K, reserved 1179648K
  class space    used 9188K, committed 9856K, reserved 1048576K
}
Event: 137.112 GC heap before
{Heap before GC invocations=62 (full 3):
 PSYoungGen      total 13312K, used 13231K [0x00000000d5580000, 0x00000000d6680000, 0x0000000100000000)
  eden space 10752K, 100% used [0x00000000d5580000,0x00000000d6000000,0x00000000d6000000)
  from space 2560K, 96% used [0x00000000d6400000,0x00000000d666bfd8,0x00000000d6680000)
  to   space 3072K, 0% used [0x00000000d6080000,0x00000000d6080000,0x00000000d6380000)
 ParOldGen       total 69120K, used 68669K [0x0000000080000000, 0x0000000084380000, 0x00000000d5580000)
  object space 69120K, 99% used [0x0000000080000000,0x000000008430f4d0,0x0000000084380000)
 Metaspace       used 73700K, committed 75264K, reserved 1179648K
  class space    used 9191K, committed 9856K, reserved 1048576K
}
Event: 137.117 GC heap after
{Heap after GC invocations=62 (full 3):
 PSYoungGen      total 13312K, used 2414K [0x00000000d5580000, 0x00000000d6500000, 0x0000000100000000)
  eden space 10752K, 0% used [0x00000000d5580000,0x00000000d5580000,0x00000000d6000000)
  from space 2560K, 94% used [0x00000000d6080000,0x00000000d62dbaf0,0x00000000d6300000)
  to   space 2048K, 0% used [0x00000000d6300000,0x00000000d6300000,0x00000000d6500000)
 ParOldGen       total 71168K, used 70928K [0x0000000080000000, 0x0000000084580000, 0x00000000d5580000)
  object space 71168K, 99% used [0x0000000080000000,0x0000000084544388,0x0000000084580000)
 Metaspace       used 73700K, committed 75264K, reserved 1179648K
  class space    used 9191K, committed 9856K, reserved 1048576K
}
Event: 137.208 GC heap before
{Heap before GC invocations=63 (full 3):
 PSYoungGen      total 13312K, used 13166K [0x00000000d5580000, 0x00000000d6500000, 0x0000000100000000)
  eden space 10752K, 100% used [0x00000000d5580000,0x00000000d6000000,0x00000000d6000000)
  from space 2560K, 94% used [0x00000000d6080000,0x00000000d62dbaf0,0x00000000d6300000)
  to   space 2048K, 0% used [0x00000000d6300000,0x00000000d6300000,0x00000000d6500000)
 ParOldGen       total 71168K, used 70928K [0x0000000080000000, 0x0000000084580000, 0x00000000d5580000)
  object space 71168K, 99% used [0x0000000080000000,0x0000000084544388,0x0000000084580000)
 Metaspace       used 73715K, committed 75264K, reserved 1179648K
  class space    used 9192K, committed 9856K, reserved 1048576K
}
Event: 137.212 GC heap after
{Heap after GC invocations=63 (full 3):
 PSYoungGen      total 10752K, used 2022K [0x00000000d5580000, 0x00000000d6a00000, 0x0000000100000000)
  eden space 8704K, 0% used [0x00000000d5580000,0x00000000d5580000,0x00000000d5e00000)
  from space 2048K, 98% used [0x00000000d6300000,0x00000000d64f9818,0x00000000d6500000)
  to   space 5120K, 0% used [0x00000000d5e00000,0x00000000d5e00000,0x00000000d6300000)
 ParOldGen       total 73728K, used 73575K [0x0000000080000000, 0x0000000084800000, 0x00000000d5580000)
  object space 73728K, 99% used [0x0000000080000000,0x00000000847d9e80,0x0000000084800000)
 Metaspace       used 73715K, committed 75264K, reserved 1179648K
  class space    used 9192K, committed 9856K, reserved 1048576K
}
Event: 137.286 GC heap before
{Heap before GC invocations=64 (full 3):
 PSYoungGen      total 10752K, used 10726K [0x00000000d5580000, 0x00000000d6a00000, 0x0000000100000000)
  eden space 8704K, 100% used [0x00000000d5580000,0x00000000d5e00000,0x00000000d5e00000)
  from space 2048K, 98% used [0x00000000d6300000,0x00000000d64f9818,0x00000000d6500000)
  to   space 5120K, 0% used [0x00000000d5e00000,0x00000000d5e00000,0x00000000d6300000)
 ParOldGen       total 73728K, used 73575K [0x0000000080000000, 0x0000000084800000, 0x00000000d5580000)
  object space 73728K, 99% used [0x0000000080000000,0x00000000847d9e80,0x0000000084800000)
 Metaspace       used 73715K, committed 75264K, reserved 1179648K
  class space    used 9192K, committed 9856K, reserved 1048576K
}
Event: 137.290 GC heap after
{Heap after GC invocations=64 (full 3):
 PSYoungGen      total 11264K, used 2090K [0x00000000d5580000, 0x00000000d6400000, 0x0000000100000000)
  eden space 8704K, 0% used [0x00000000d5580000,0x00000000d5580000,0x00000000d5e00000)
  from space 2560K, 81% used [0x00000000d5e00000,0x00000000d600a8e0,0x00000000d6080000)
  to   space 3072K, 0% used [0x00000000d6100000,0x00000000d6100000,0x00000000d6400000)
 ParOldGen       total 75776K, used 75540K [0x0000000080000000, 0x0000000084a00000, 0x00000000d5580000)
  object space 75776K, 99% used [0x0000000080000000,0x00000000849c5298,0x0000000084a00000)
 Metaspace       used 73715K, committed 75264K, reserved 1179648K
  class space    used 9192K, committed 9856K, reserved 1048576K
}
Event: 137.436 GC heap before
{Heap before GC invocations=65 (full 3):
 PSYoungGen      total 11264K, used 10794K [0x00000000d5580000, 0x00000000d6400000, 0x0000000100000000)
  eden space 8704K, 100% used [0x00000000d5580000,0x00000000d5e00000,0x00000000d5e00000)
  from space 2560K, 81% used [0x00000000d5e00000,0x00000000d600a8e0,0x00000000d6080000)
  to   space 3072K, 0% used [0x00000000d6100000,0x00000000d6100000,0x00000000d6400000)
 ParOldGen       total 75776K, used 75540K [0x0000000080000000, 0x0000000084a00000, 0x00000000d5580000)
  object space 75776K, 99% used [0x0000000080000000,0x00000000849c5298,0x0000000084a00000)
 Metaspace       used 73719K, committed 75264K, reserved 1179648K
  class space    used 9192K, committed 9856K, reserved 1048576K
}
Event: 137.441 GC heap after
{Heap after GC invocations=65 (full 3):
 PSYoungGen      total 10752K, used 1889K [0x00000000d5580000, 0x00000000d6300000, 0x0000000100000000)
  eden space 8704K, 0% used [0x00000000d5580000,0x00000000d5580000,0x00000000d5e00000)
  from space 2048K, 92% used [0x00000000d6100000,0x00000000d62d8640,0x00000000d6300000)
  to   space 2560K, 0% used [0x00000000d5e00000,0x00000000d5e00000,0x00000000d6080000)
 ParOldGen       total 77824K, used 77462K [0x0000000080000000, 0x0000000084c00000, 0x00000000d5580000)
  object space 77824K, 99% used [0x0000000080000000,0x0000000084ba5a80,0x0000000084c00000)
 Metaspace       used 73719K, committed 75264K, reserved 1179648K
  class space    used 9192K, committed 9856K, reserved 1048576K
}
Event: 137.526 GC heap before
{Heap before GC invocations=66 (full 3):
 PSYoungGen      total 10752K, used 10593K [0x00000000d5580000, 0x00000000d6300000, 0x0000000100000000)
  eden space 8704K, 100% used [0x00000000d5580000,0x00000000d5e00000,0x00000000d5e00000)
  from space 2048K, 92% used [0x00000000d6100000,0x00000000d62d8640,0x00000000d6300000)
  to   space 2560K, 0% used [0x00000000d5e00000,0x00000000d5e00000,0x00000000d6080000)
 ParOldGen       total 77824K, used 77462K [0x0000000080000000, 0x0000000084c00000, 0x00000000d5580000)
  object space 77824K, 99% used [0x0000000080000000,0x0000000084ba5a80,0x0000000084c00000)
 Metaspace       used 73722K, committed 75264K, reserved 1179648K
  class space    used 9192K, committed 9856K, reserved 1048576K
}
Event: 137.529 GC heap after
{Heap after GC invocations=66 (full 3):
 PSYoungGen      total 11264K, used 2028K [0x00000000d5580000, 0x00000000d6300000, 0x0000000100000000)
  eden space 8704K, 0% used [0x00000000d5580000,0x00000000d5580000,0x00000000d5e00000)
  from space 2560K, 79% used [0x00000000d5e00000,0x00000000d5ffb288,0x00000000d6080000)
  to   space 2560K, 0% used [0x00000000d6080000,0x00000000d6080000,0x00000000d6300000)
 ParOldGen       total 79360K, used 79278K [0x0000000080000000, 0x0000000084d80000, 0x00000000d5580000)
  object space 79360K, 99% used [0x0000000080000000,0x0000000084d6bb98,0x0000000084d80000)
 Metaspace       used 73722K, committed 75264K, reserved 1179648K
  class space    used 9192K, committed 9856K, reserved 1048576K
}
Event: 137.619 GC heap before
{Heap before GC invocations=67 (full 3):
 PSYoungGen      total 11264K, used 10732K [0x00000000d5580000, 0x00000000d6300000, 0x0000000100000000)
  eden space 8704K, 100% used [0x00000000d5580000,0x00000000d5e00000,0x00000000d5e00000)
  from space 2560K, 79% used [0x00000000d5e00000,0x00000000d5ffb288,0x00000000d6080000)
  to   space 2560K, 0% used [0x00000000d6080000,0x00000000d6080000,0x00000000d6300000)
 ParOldGen       total 79360K, used 79278K [0x0000000080000000, 0x0000000084d80000, 0x00000000d5580000)
  object space 79360K, 99% used [0x0000000080000000,0x0000000084d6bb98,0x0000000084d80000)
 Metaspace       used 73722K, committed 75264K, reserved 1179648K
  class space    used 9192K, committed 9856K, reserved 1048576K
}
Event: 137.623 GC heap after
{Heap after GC invocations=67 (full 3):
 PSYoungGen      total 10752K, used 1906K [0x00000000d5580000, 0x00000000d6280000, 0x0000000100000000)
  eden space 8704K, 0% used [0x00000000d5580000,0x00000000d5580000,0x00000000d5e00000)
  from space 2048K, 93% used [0x00000000d6080000,0x00000000d625c860,0x00000000d6280000)
  to   space 2048K, 0% used [0x00000000d5e80000,0x00000000d5e80000,0x00000000d6080000)
 ParOldGen       total 81408K, used 81144K [0x0000000080000000, 0x0000000084f80000, 0x00000000d5580000)
  object space 81408K, 99% used [0x0000000080000000,0x0000000084f3e3c0,0x0000000084f80000)
 Metaspace       used 73722K, committed 75264K, reserved 1179648K
  class space    used 9192K, committed 9856K, reserved 1048576K
}
Event: 137.789 GC heap before
{Heap before GC invocations=68 (full 3):
 PSYoungGen      total 10752K, used 10610K [0x00000000d5580000, 0x00000000d6280000, 0x0000000100000000)
  eden space 8704K, 100% used [0x00000000d5580000,0x00000000d5e00000,0x00000000d5e00000)
  from space 2048K, 93% used [0x00000000d6080000,0x00000000d625c860,0x00000000d6280000)
  to   space 2048K, 0% used [0x00000000d5e80000,0x00000000d5e80000,0x00000000d6080000)
 ParOldGen       total 81408K, used 81144K [0x0000000080000000, 0x0000000084f80000, 0x00000000d5580000)
  object space 81408K, 99% used [0x0000000080000000,0x0000000084f3e3c0,0x0000000084f80000)
 Metaspace       used 73728K, committed 75264K, reserved 1179648K
  class space    used 9192K, committed 9856K, reserved 1048576K
}
Event: 137.803 GC heap after
{Heap after GC invocations=68 (full 3):
 PSYoungGen      total 10752K, used 2028K [0x00000000d5580000, 0x00000000d6800000, 0x0000000100000000)
  eden space 8704K, 0% used [0x00000000d5580000,0x00000000d5580000,0x00000000d5e00000)
  from space 2048K, 99% used [0x00000000d5e80000,0x00000000d607b298,0x00000000d6080000)
  to   space 5120K, 0% used [0x00000000d6300000,0x00000000d6300000,0x00000000d6800000)
 ParOldGen       total 83968K, used 83480K [0x0000000080000000, 0x0000000085200000, 0x00000000d5580000)
  object space 83968K, 99% used [0x0000000080000000,0x0000000085186330,0x0000000085200000)
 Metaspace       used 73728K, committed 75264K, reserved 1179648K
  class space    used 9192K, committed 9856K, reserved 1048576K
}
Event: 137.958 GC heap before
{Heap before GC invocations=69 (full 3):
 PSYoungGen      total 10752K, used 10732K [0x00000000d5580000, 0x00000000d6800000, 0x0000000100000000)
  eden space 8704K, 100% used [0x00000000d5580000,0x00000000d5e00000,0x00000000d5e00000)
  from space 2048K, 99% used [0x00000000d5e80000,0x00000000d607b298,0x00000000d6080000)
  to   space 5120K, 0% used [0x00000000d6300000,0x00000000d6300000,0x00000000d6800000)
 ParOldGen       total 83968K, used 83480K [0x0000000080000000, 0x0000000085200000, 0x00000000d5580000)
  object space 83968K, 99% used [0x0000000080000000,0x0000000085186330,0x0000000085200000)
 Metaspace       used 73728K, committed 75264K, reserved 1179648K
  class space    used 9192K, committed 9856K, reserved 1048576K
}
Event: 137.962 GC heap after
{Heap after GC invocations=69 (full 3):
 PSYoungGen      total 10752K, used 1908K [0x00000000d5580000, 0x00000000d6500000, 0x0000000100000000)
  eden space 8704K, 0% used [0x00000000d5580000,0x00000000d5580000,0x00000000d5e00000)
  from space 2048K, 93% used [0x00000000d6300000,0x00000000d64dd190,0x00000000d6500000)
  to   space 3072K, 0% used [0x00000000d5f00000,0x00000000d5f00000,0x00000000d6200000)
 ParOldGen       total 86016K, used 85538K [0x0000000080000000, 0x0000000085400000, 0x00000000d5580000)
  object space 86016K, 99% used [0x0000000080000000,0x0000000085388930,0x0000000085400000)
 Metaspace       used 73728K, committed 75264K, reserved 1179648K
  class space    used 9192K, committed 9856K, reserved 1048576K
}
Event: 138.122 GC heap before
{Heap before GC invocations=70 (full 3):
 PSYoungGen      total 10752K, used 10612K [0x00000000d5580000, 0x00000000d6500000, 0x0000000100000000)
  eden space 8704K, 100% used [0x00000000d5580000,0x00000000d5e00000,0x00000000d5e00000)
  from space 2048K, 93% used [0x00000000d6300000,0x00000000d64dd190,0x00000000d6500000)
  to   space 3072K, 0% used [0x00000000d5f00000,0x00000000d5f00000,0x00000000d6200000)
 ParOldGen       total 86016K, used 85538K [0x0000000080000000, 0x0000000085400000, 0x00000000d5580000)
  object space 86016K, 99% used [0x0000000080000000,0x0000000085388930,0x0000000085400000)
 Metaspace       used 73748K, committed 75264K, reserved 1179648K
  class space    used 9195K, committed 9856K, reserved 1048576K
}
Event: 138.130 GC heap after
{Heap after GC invocations=70 (full 3):
 PSYoungGen      total 10752K, used 1982K [0x00000000d5580000, 0x00000000d6380000, 0x0000000100000000)
  eden space 8704K, 0% used [0x00000000d5580000,0x00000000d5580000,0x00000000d5e00000)
  from space 2048K, 96% used [0x00000000d5f00000,0x00000000d60efa58,0x00000000d6100000)
  to   space 2560K, 0% used [0x00000000d6100000,0x00000000d6100000,0x00000000d6380000)
 ParOldGen       total 87552K, used 87358K [0x0000000080000000, 0x0000000085580000, 0x00000000d5580000)
  object space 87552K, 99% used [0x0000000080000000,0x000000008554f980,0x0000000085580000)
 Metaspace       used 73748K, committed 75264K, reserved 1179648K
  class space    used 9195K, committed 9856K, reserved 1048576K
}
Event: 138.572 GC heap before
{Heap before GC invocations=71 (full 3):
 PSYoungGen      total 10752K, used 10686K [0x00000000d5580000, 0x00000000d6380000, 0x0000000100000000)
  eden space 8704K, 100% used [0x00000000d5580000,0x00000000d5e00000,0x00000000d5e00000)
  from space 2048K, 96% used [0x00000000d5f00000,0x00000000d60efa58,0x00000000d6100000)
  to   space 2560K, 0% used [0x00000000d6100000,0x00000000d6100000,0x00000000d6380000)
 ParOldGen       total 87552K, used 87358K [0x0000000080000000, 0x0000000085580000, 0x00000000d5580000)
  object space 87552K, 99% used [0x0000000080000000,0x000000008554f980,0x0000000085580000)
 Metaspace       used 73748K, committed 75264K, reserved 1179648K
  class space    used 9195K, committed 9856K, reserved 1048576K
}

Dll operation events (15 events):
Event: 0.015 Loaded shared library c:\Users\vikas\.antigravity\extensions\redhat.java-1.54.0-win32-x64\jre\21.0.10-win32-x86_64\bin\java.dll
Event: 0.092 Loaded shared library c:\Users\vikas\.antigravity\extensions\redhat.java-1.54.0-win32-x64\jre\21.0.10-win32-x86_64\bin\zip.dll
Event: 0.116 Loaded shared library C:\Users\vikas\.antigravity\extensions\redhat.java-1.54.0-win32-x64\jre\21.0.10-win32-x86_64\bin\instrument.dll
Event: 0.123 Loaded shared library C:\Users\vikas\.antigravity\extensions\redhat.java-1.54.0-win32-x64\jre\21.0.10-win32-x86_64\bin\net.dll
Event: 0.128 Loaded shared library C:\Users\vikas\.antigravity\extensions\redhat.java-1.54.0-win32-x64\jre\21.0.10-win32-x86_64\bin\nio.dll
Event: 0.134 Loaded shared library C:\Users\vikas\.antigravity\extensions\redhat.java-1.54.0-win32-x64\jre\21.0.10-win32-x86_64\bin\zip.dll
Event: 0.154 Loaded shared library C:\Users\vikas\.antigravity\extensions\redhat.java-1.54.0-win32-x64\jre\21.0.10-win32-x86_64\bin\jimage.dll
Event: 0.246 Loaded shared library c:\Users\vikas\.antigravity\extensions\redhat.java-1.54.0-win32-x64\jre\21.0.10-win32-x86_64\bin\verify.dll
Event: 13.195 Loaded shared library C:\Users\vikas\AppData\Roaming\Antigravity\User\globalStorage\redhat.java\1.54.0\config_win\org.eclipse.equinox.launcher\org.eclipse.equinox.launcher.win32.win32.x86_64_1.3.0.v20260203-2149\eclipse_11919.dll
Event: 28.375 Loaded shared library C:\Users\vikas\.antigravity\extensions\redhat.java-1.54.0-win32-x64\jre\21.0.10-win32-x86_64\bin\management.dll
Event: 28.383 Loaded shared library C:\Users\vikas\.antigravity\extensions\redhat.java-1.54.0-win32-x64\jre\21.0.10-win32-x86_64\bin\management_ext.dll
Event: 31.683 Loaded shared library C:\Users\vikas\AppData\Local\Temp\jna-112209482\jna12538431622299403097.dll
Event: 32.998 Loaded shared library C:\Users\vikas\.antigravity\extensions\redhat.java-1.54.0-win32-x64\jre\21.0.10-win32-x86_64\bin\sunmscapi.dll
Event: 33.251 Loaded shared library C:\Users\vikas\.antigravity\extensions\redhat.java-1.54.0-win32-x64\jre\21.0.10-win32-x86_64\bin\extnet.dll
Event: 37.205 Loaded shared library C:\Users\vikas\.gradle\native\660c5614fbf4a5f2a75b1949f50a0caf5cd603558e7d8a26e50b933a0cfb79d1\windows-amd64\native-platform.dll

Deoptimization events (20 events):
Event: 138.078 Thread 0x00000239d64b5950 DEOPT PACKING pc=0x00000239811d180a sp=0x00000084547fe910
Event: 138.078 Thread 0x00000239d64b5950 DEOPT UNPACKING pc=0x0000023987584242 sp=0x00000084547fde88 mode 0
Event: 138.118 Thread 0x00000239d64b5950 DEOPT PACKING pc=0x00000239811d180a sp=0x00000084547fe910
Event: 138.118 Thread 0x00000239d64b5950 DEOPT UNPACKING pc=0x0000023987584242 sp=0x00000084547fde88 mode 0
Event: 138.120 Thread 0x00000239d64b5950 DEOPT PACKING pc=0x00000239811c2353 sp=0x00000084547fe940
Event: 138.120 Thread 0x00000239d64b5950 DEOPT UNPACKING pc=0x0000023987584242 sp=0x00000084547fdea8 mode 0
Event: 138.143 Thread 0x00000239d64b5950 DEOPT PACKING pc=0x00000239811d180a sp=0x00000084547fe910
Event: 138.143 Thread 0x00000239d64b5950 DEOPT UNPACKING pc=0x0000023987584242 sp=0x00000084547fde88 mode 0
Event: 138.161 Thread 0x00000239d64b5950 DEOPT PACKING pc=0x00000239811c2353 sp=0x00000084547fe940
Event: 138.161 Thread 0x00000239d64b5950 DEOPT UNPACKING pc=0x0000023987584242 sp=0x00000084547fdea8 mode 0
Event: 138.187 Thread 0x00000239d64b5950 DEOPT PACKING pc=0x00000239811d180a sp=0x00000084547fe910
Event: 138.188 Thread 0x00000239d64b5950 DEOPT UNPACKING pc=0x0000023987584242 sp=0x00000084547fde88 mode 0
Event: 138.512 Thread 0x00000239d64b5950 DEOPT PACKING pc=0x00000239811d180a sp=0x00000084547fe910
Event: 138.512 Thread 0x00000239d64b5950 DEOPT UNPACKING pc=0x0000023987584242 sp=0x00000084547fde88 mode 0
Event: 138.544 Thread 0x00000239d64b5950 DEOPT PACKING pc=0x00000239811c2353 sp=0x00000084547fe940
Event: 138.544 Thread 0x00000239d64b5950 DEOPT UNPACKING pc=0x0000023987584242 sp=0x00000084547fdea8 mode 0
Event: 138.564 Thread 0x00000239d64b5950 DEOPT PACKING pc=0x00000239811d180a sp=0x00000084547fe910
Event: 138.564 Thread 0x00000239d64b5950 DEOPT UNPACKING pc=0x0000023987584242 sp=0x00000084547fde88 mode 0
Event: 138.571 Thread 0x00000239d64b5950 DEOPT PACKING pc=0x00000239811c2353 sp=0x00000084547fe940
Event: 138.571 Thread 0x00000239d64b5950 DEOPT UNPACKING pc=0x0000023987584242 sp=0x00000084547fdea8 mode 0

Classes loaded (20 events):
Event: 134.937 Loading class jdk/internal/jrtfs/JrtFileSystem
Event: 134.938 Loading class jdk/internal/jrtfs/JrtFileSystem done
Event: 134.938 Loading class jdk/internal/jrtfs/JrtPath
Event: 134.939 Loading class jdk/internal/jrtfs/JrtPath done
Event: 134.940 Loading class jdk/internal/jimage/ImageReader$Node
Event: 134.940 Loading class jdk/internal/jimage/ImageReader$Node done
Event: 134.950 Loading class java/nio/ByteBufferAsIntBufferL
Event: 134.951 Loading class java/nio/ByteBufferAsIntBufferL done
Event: 134.956 Loading class jdk/internal/jimage/ImageReader$Directory
Event: 134.956 Loading class jdk/internal/jimage/ImageReader$Directory done
Event: 135.164 Loading class java/nio/channels/Channels$ReadableByteChannelImpl
Event: 135.164 Loading class java/nio/channels/Channels$ReadableByteChannelImpl done
Event: 135.167 Loading class java/nio/channels/NonWritableChannelException
Event: 135.167 Loading class java/nio/channels/NonWritableChannelException done
Event: 137.063 Loading class sun/net/www/http/ChunkedInputStream
Event: 137.064 Loading class sun/net/www/http/ChunkedInputStream done
Event: 137.069 Loading class java/lang/Throwable$WrappedPrintWriter
Event: 137.069 Loading class java/lang/Throwable$PrintStreamOrWriter
Event: 137.069 Loading class java/lang/Throwable$PrintStreamOrWriter done
Event: 137.069 Loading class java/lang/Throwable$WrappedPrintWriter done

Classes unloaded (20 events):
Event: 29.929 Thread 0x00000239f82b5960 Unloading class 0x00000239901ab400 'java/lang/invoke/LambdaForm$MH+0x00000239901ab400'
Event: 29.929 Thread 0x00000239f82b5960 Unloading class 0x00000239901ab000 'java/lang/invoke/LambdaForm$MH+0x00000239901ab000'
Event: 29.929 Thread 0x00000239f82b5960 Unloading class 0x00000239901aac00 'java/lang/invoke/LambdaForm$MH+0x00000239901aac00'
Event: 29.929 Thread 0x00000239f82b5960 Unloading class 0x00000239901aa800 'java/lang/invoke/LambdaForm$MH+0x00000239901aa800'
Event: 29.929 Thread 0x00000239f82b5960 Unloading class 0x00000239901aa400 'java/lang/invoke/LambdaForm$BMH+0x00000239901aa400'
Event: 29.929 Thread 0x00000239f82b5960 Unloading class 0x00000239901aa000 'java/lang/invoke/LambdaForm$DMH+0x00000239901aa000'
Event: 29.929 Thread 0x00000239f82b5960 Unloading class 0x00000239901a8c00 'java/lang/invoke/LambdaForm$DMH+0x00000239901a8c00'
Event: 32.153 Thread 0x00000239f82b5960 Unloading class 0x00000239902f1400 'java/lang/invoke/LambdaForm$MH+0x00000239902f1400'
Event: 32.153 Thread 0x00000239f82b5960 Unloading class 0x00000239902f0800 'java/lang/invoke/LambdaForm$MH+0x00000239902f0800'
Event: 32.153 Thread 0x00000239f82b5960 Unloading class 0x00000239902f0000 'java/lang/invoke/LambdaForm$MH+0x00000239902f0000'
Event: 32.153 Thread 0x00000239f82b5960 Unloading class 0x00000239902ef800 'java/lang/invoke/LambdaForm$MH+0x00000239902ef800'
Event: 32.153 Thread 0x00000239f82b5960 Unloading class 0x00000239902ef400 'java/lang/invoke/LambdaForm$DMH+0x00000239902ef400'
Event: 32.153 Thread 0x00000239f82b5960 Unloading class 0x00000239902ee800 'java/lang/invoke/LambdaForm$MH+0x00000239902ee800'
Event: 32.153 Thread 0x00000239f82b5960 Unloading class 0x00000239902eb000 'java/lang/invoke/LambdaForm$MH+0x00000239902eb000'
Event: 32.153 Thread 0x00000239f82b5960 Unloading class 0x00000239902ea800 'java/lang/invoke/LambdaForm$MH+0x00000239902ea800'
Event: 32.153 Thread 0x00000239f82b5960 Unloading class 0x00000239902ea000 'java/lang/invoke/LambdaForm$MH+0x00000239902ea000'
Event: 32.153 Thread 0x00000239f82b5960 Unloading class 0x00000239902e9800 'java/lang/invoke/LambdaForm$MH+0x00000239902e9800'
Event: 32.153 Thread 0x00000239f82b5960 Unloading class 0x00000239902e9000 'java/lang/invoke/LambdaForm$MH+0x00000239902e9000'
Event: 32.153 Thread 0x00000239f82b5960 Unloading class 0x00000239902e8800 'java/lang/invoke/LambdaForm$MH+0x00000239902e8800'
Event: 32.153 Thread 0x00000239f82b5960 Unloading class 0x00000239902e8400 'java/lang/invoke/LambdaForm$MH+0x00000239902e8400'

Classes redefined (0 events):
No events

Internal exceptions (20 events):
Event: 133.822 Thread 0x00000239d64b7390 Exception <a 'java/lang/ClassNotFoundException'{0x00000000d59e2108}: com/sun/org/apache/xerces/internal/impl/msg/spi/DOMMessagesProvider> (0x00000000d59e2108) 
thrown [s\src\hotspot\share\classfile\systemDictionary.cpp, line 312]
Event: 133.823 Thread 0x00000239d64b7390 Exception <a 'java/lang/ClassNotFoundException'{0x00000000d59f38b0}: com/sun/org/apache/xerces/internal/impl/msg/spi/XMLSerializerMessagesProvider> (0x00000000d59f38b0) 
thrown [s\src\hotspot\share\classfile\systemDictionary.cpp, line 312]
Event: 133.825 Thread 0x00000239d64b7390 Exception <a 'java/lang/ClassNotFoundException'{0x00000000d5a00bd0}: com/sun/org/apache/xerces/internal/impl/msg/spi/XMLMessagesProvider> (0x00000000d5a00bd0) 
thrown [s\src\hotspot\share\classfile\systemDictionary.cpp, line 312]
Event: 133.877 Thread 0x00000239d64b7390 Exception <a 'sun/nio/fs/WindowsException'{0x00000000d5ae9bb0}> (0x00000000d5ae9bb0) 
thrown [s\src\hotspot\share\prims\jni.cpp, line 520]
Event: 133.877 Thread 0x00000239d64b7390 Exception <a 'sun/nio/fs/WindowsException'{0x00000000d5aea740}> (0x00000000d5aea740) 
thrown [s\src\hotspot\share\prims\jni.cpp, line 520]
Event: 133.910 Thread 0x00000239d64b7390 Exception <a 'sun/nio/fs/WindowsException'{0x00000000d5b2cbc0}> (0x00000000d5b2cbc0) 
thrown [s\src\hotspot\share\prims\jni.cpp, line 520]
Event: 133.911 Thread 0x00000239d64b7390 Exception <a 'sun/nio/fs/WindowsException'{0x00000000d5b2d750}> (0x00000000d5b2d750) 
thrown [s\src\hotspot\share\prims\jni.cpp, line 520]
Event: 133.926 Thread 0x00000239d64b7390 Exception <a 'sun/nio/fs/WindowsException'{0x00000000d5b728b8}> (0x00000000d5b728b8) 
thrown [s\src\hotspot\share\prims\jni.cpp, line 520]
Event: 133.927 Thread 0x00000239d64b7390 Exception <a 'sun/nio/fs/WindowsException'{0x00000000d5b73448}> (0x00000000d5b73448) 
thrown [s\src\hotspot\share\prims\jni.cpp, line 520]
Event: 134.240 Thread 0x00000239d960b370 Exception <a 'sun/nio/fs/WindowsException'{0x00000000d6002908}> (0x00000000d6002908) 
thrown [s\src\hotspot\share\prims\jni.cpp, line 520]
Event: 134.240 Thread 0x00000239d960b370 Exception <a 'sun/nio/fs/WindowsException'{0x00000000d60031e8}> (0x00000000d60031e8) 
thrown [s\src\hotspot\share\prims\jni.cpp, line 520]
Event: 134.241 Thread 0x00000239d9608c10 Implicit null exception at 0x0000023988003ec2 to 0x00000239880079dc
Event: 134.260 Thread 0x00000239d960b370 Exception <a 'sun/nio/fs/WindowsException'{0x00000000d604a560}> (0x00000000d604a560) 
thrown [s\src\hotspot\share\prims\jni.cpp, line 520]
Event: 134.267 Thread 0x00000239d960b370 Exception <a 'sun/nio/fs/WindowsException'{0x00000000d6050290}> (0x00000000d6050290) 
thrown [s\src\hotspot\share\prims\jni.cpp, line 520]
Event: 134.271 Thread 0x00000239d960b370 Implicit null exception at 0x00000239880803fe to 0x0000023988081390
Event: 134.272 Thread 0x00000239d960b370 Exception <a 'java/io/FileNotFoundException'{0x00000000d605b618}> (0x00000000d605b618) 
thrown [s\src\hotspot\share\prims\jni.cpp, line 520]
Event: 134.922 Thread 0x00000239d64b5950 Implicit null exception at 0x000002398803b029 to 0x000002398803bb84
Event: 134.922 Thread 0x00000239d64b5950 Implicit null exception at 0x0000023987dd0faa to 0x0000023987dd1274
Event: 134.923 Thread 0x00000239d64b5950 Exception <a 'java/lang/NoSuchMethodError'{0x00000000d6556340}: 'java.lang.Object java.lang.invoke.DelegatingMethodHandle$Holder.reinvoke_L(java.lang.Object, int, long, java.lang.Object, java.lang.Object, int, java.lang.Object)'> (0x00000000d6556340) 
thrown [s\src\hotspot\share\interpreter\linkResolver.cpp, line 773]
Event: 136.153 Thread 0x00000239d64b5950 Implicit null exception at 0x00000239880dc869 to 0x00000239880dca3c

ZGC Phase Switch (0 events):
No events

VM Operations (20 events):
Event: 137.000 Executing safepoint VM operation: ParallelGCFailedAllocation (Allocation Failure) done
Event: 137.112 Executing safepoint VM operation: ParallelGCFailedAllocation (Allocation Failure)
Event: 137.117 Executing safepoint VM operation: ParallelGCFailedAllocation (Allocation Failure) done
Event: 137.208 Executing safepoint VM operation: ParallelGCFailedAllocation (Allocation Failure)
Event: 137.212 Executing safepoint VM operation: ParallelGCFailedAllocation (Allocation Failure) done
Event: 137.286 Executing safepoint VM operation: ParallelGCFailedAllocation (Allocation Failure)
Event: 137.290 Executing safepoint VM operation: ParallelGCFailedAllocation (Allocation Failure) done
Event: 137.436 Executing safepoint VM operation: ParallelGCFailedAllocation (Allocation Failure)
Event: 137.441 Executing safepoint VM operation: ParallelGCFailedAllocation (Allocation Failure) done
Event: 137.526 Executing safepoint VM operation: ParallelGCFailedAllocation (Allocation Failure)
Event: 137.529 Executing safepoint VM operation: ParallelGCFailedAllocation (Allocation Failure) done
Event: 137.619 Executing safepoint VM operation: ParallelGCFailedAllocation (Allocation Failure)
Event: 137.623 Executing safepoint VM operation: ParallelGCFailedAllocation (Allocation Failure) done
Event: 137.789 Executing safepoint VM operation: ParallelGCFailedAllocation (Allocation Failure)
Event: 137.803 Executing safepoint VM operation: ParallelGCFailedAllocation (Allocation Failure) done
Event: 137.958 Executing safepoint VM operation: ParallelGCFailedAllocation (Allocation Failure)
Event: 137.962 Executing safepoint VM operation: ParallelGCFailedAllocation (Allocation Failure) done
Event: 138.122 Executing safepoint VM operation: ParallelGCFailedAllocation (Allocation Failure)
Event: 138.130 Executing safepoint VM operation: ParallelGCFailedAllocation (Allocation Failure) done
Event: 138.572 Executing safepoint VM operation: ParallelGCFailedAllocation (Allocation Failure)

Memory protections (0 events):
No events

Nmethod flushes (20 events):
Event: 54.739 Thread 0x00000239f82b5960 flushing  nmethod 0x00000239808f8990
Event: 54.739 Thread 0x00000239f82b5960 flushing  nmethod 0x00000239808f9d10
Event: 54.739 Thread 0x00000239f82b5960 flushing  nmethod 0x00000239808fae90
Event: 54.739 Thread 0x00000239f82b5960 flushing  nmethod 0x00000239808fca90
Event: 54.739 Thread 0x00000239f82b5960 flushing  nmethod 0x00000239808fd510
Event: 54.739 Thread 0x00000239f82b5960 flushing  nmethod 0x00000239808fda10
Event: 54.739 Thread 0x00000239f82b5960 flushing  nmethod 0x00000239808fe010
Event: 54.739 Thread 0x00000239f82b5960 flushing  nmethod 0x00000239808fe910
Event: 54.739 Thread 0x00000239f82b5960 flushing  nmethod 0x00000239808fed10
Event: 54.739 Thread 0x00000239f82b5960 flushing  nmethod 0x00000239808ffd90
Event: 54.739 Thread 0x00000239f82b5960 flushing  nmethod 0x0000023980900210
Event: 54.739 Thread 0x00000239f82b5960 flushing  nmethod 0x0000023980900810
Event: 54.739 Thread 0x00000239f82b5960 flushing  nmethod 0x0000023980901b90
Event: 54.739 Thread 0x00000239f82b5960 flushing  nmethod 0x0000023980902210
Event: 54.739 Thread 0x00000239f82b5960 flushing  nmethod 0x0000023980903f10
Event: 54.739 Thread 0x00000239f82b5960 flushing  nmethod 0x0000023980904f10
Event: 54.739 Thread 0x00000239f82b5960 flushing  nmethod 0x0000023980908f10
Event: 54.739 Thread 0x00000239f82b5960 flushing  nmethod 0x000002398090b690
Event: 54.739 Thread 0x00000239f82b5960 flushing  nmethod 0x0000023980946b10
Event: 54.739 Thread 0x00000239f82b5960 flushing  nmethod 0x000002398098a590

Events (20 events):
Event: 130.845 Thread 0x00000239d9608580 Thread exited: 0x00000239d9608580
Event: 132.557 Thread 0x00000239d6031700 Thread added: 0x00000239dbbe96a0
Event: 133.081 Thread 0x00000239dbbe96a0 Thread exited: 0x00000239dbbe96a0
Event: 133.945 Thread 0x00000239d6031700 Thread added: 0x00000239d9aeba40
Event: 134.018 Thread 0x00000239d64b3f10 Thread added: 0x00000239d960b370
Event: 134.057 Thread 0x00000239d64b7390 Thread added: 0x00000239d9608580
Event: 134.062 Thread 0x00000239d64b7390 Thread added: 0x00000239d9608c10
Event: 134.135 Thread 0x00000239d9608c10 Thread added: 0x00000239d960e160
Event: 134.199 Thread 0x00000239d64b3f10 Thread added: 0x00000239d960e7f0
Event: 134.200 Thread 0x00000239d960e7f0 Thread exited: 0x00000239d960e7f0
Event: 134.208 Thread 0x00000239d960b370 Thread added: 0x00000239d960dad0
Event: 134.236 Thread 0x00000239d9aeba40 Thread exited: 0x00000239d9aeba40
Event: 134.270 Thread 0x00000239d960dad0 Thread added: 0x00000239d960ee80
Event: 135.022 Thread 0x00000239d6031700 Thread added: 0x00000239d8532820
Event: 135.554 Thread 0x00000239d64b3f10 Thread added: 0x00000239d960c090
Event: 135.557 Thread 0x00000239d960c090 Thread exited: 0x00000239d960c090
Event: 137.375 Thread 0x00000239d64b3f10 Thread added: 0x00000239d960c090
Event: 137.376 Thread 0x00000239d960c090 Thread exited: 0x00000239d960c090
Event: 137.680 Thread 0x00000239d64b3f10 Thread added: 0x00000239d960e7f0
Event: 137.682 Thread 0x00000239d960e7f0 Thread exited: 0x00000239d960e7f0


Dynamic libraries:
0x00007ff64b840000 - 0x00007ff64b84e000 	c:\Users\vikas\.antigravity\extensions\redhat.java-1.54.0-win32-x64\jre\21.0.10-win32-x86_64\bin\java.exe
0x00007fff1a000000 - 0x00007fff1a267000 	C:\WINDOWS\SYSTEM32\ntdll.dll
0x00007fff18910000 - 0x00007fff189d9000 	C:\WINDOWS\System32\KERNEL32.DLL
0x00007fff16d00000 - 0x00007fff170f7000 	C:\WINDOWS\System32\KERNELBASE.dll
0x00007fff16a30000 - 0x00007fff16b7b000 	C:\WINDOWS\System32\ucrtbase.dll
0x00007ffef5830000 - 0x00007ffef584e000 	c:\Users\vikas\.antigravity\extensions\redhat.java-1.54.0-win32-x64\jre\21.0.10-win32-x86_64\bin\VCRUNTIME140.dll
0x00007ffed7cb0000 - 0x00007ffed7cc8000 	c:\Users\vikas\.antigravity\extensions\redhat.java-1.54.0-win32-x64\jre\21.0.10-win32-x86_64\bin\jli.dll
0x00007fff191b0000 - 0x00007fff19376000 	C:\WINDOWS\System32\USER32.dll
0x00007fff173a0000 - 0x00007fff173c7000 	C:\WINDOWS\System32\win32u.dll
0x00007ffef2d70000 - 0x00007ffef3002000 	C:\WINDOWS\WinSxS\amd64_microsoft.windows.common-controls_6595b64144ccf1df_6.0.26100.8457_none_3e0b2faee331e92d\COMCTL32.dll
0x00007fff18b40000 - 0x00007fff18b6b000 	C:\WINDOWS\System32\GDI32.dll
0x00007fff19520000 - 0x00007fff195c9000 	C:\WINDOWS\System32\msvcrt.dll
0x00007fff171c0000 - 0x00007fff172ec000 	C:\WINDOWS\System32\gdi32full.dll
0x00007fff172f0000 - 0x00007fff17393000 	C:\WINDOWS\System32\msvcp_win.dll
0x00007fff187b0000 - 0x00007fff187e2000 	C:\WINDOWS\System32\IMM32.DLL
0x00007fff11b50000 - 0x00007fff11b5c000 	c:\Users\vikas\.antigravity\extensions\redhat.java-1.54.0-win32-x64\jre\21.0.10-win32-x86_64\bin\vcruntime140_1.dll
0x00007ffea2be0000 - 0x00007ffea2c6d000 	c:\Users\vikas\.antigravity\extensions\redhat.java-1.54.0-win32-x64\jre\21.0.10-win32-x86_64\bin\msvcp140.dll
0x00007ffe88e10000 - 0x00007ffe89bb1000 	c:\Users\vikas\.antigravity\extensions\redhat.java-1.54.0-win32-x64\jre\21.0.10-win32-x86_64\bin\server\jvm.dll
0x00007fff18f90000 - 0x00007fff19046000 	C:\WINDOWS\System32\ADVAPI32.dll
0x00007fff18030000 - 0x00007fff180d7000 	C:\WINDOWS\System32\sechost.dll
0x00007fff187f0000 - 0x00007fff18908000 	C:\WINDOWS\System32\RPCRT4.dll
0x00007fff18720000 - 0x00007fff187a0000 	C:\WINDOWS\System32\WS2_32.dll
0x00007fff16890000 - 0x00007fff168ee000 	C:\WINDOWS\SYSTEM32\POWRPROF.dll
0x00007fff03a00000 - 0x00007fff03a0b000 	C:\WINDOWS\SYSTEM32\VERSION.dll
0x00007fff0bf40000 - 0x00007fff0bf76000 	C:\WINDOWS\SYSTEM32\WINMM.dll
0x00007fff16870000 - 0x00007fff16884000 	C:\WINDOWS\SYSTEM32\UMPDC.dll
0x00007fff157c0000 - 0x00007fff157db000 	C:\WINDOWS\SYSTEM32\kernel.appcore.dll
0x00007fff0e060000 - 0x00007fff0e06a000 	c:\Users\vikas\.antigravity\extensions\redhat.java-1.54.0-win32-x64\jre\21.0.10-win32-x86_64\bin\jimage.dll
0x00007fff14960000 - 0x00007fff14ba2000 	C:\WINDOWS\SYSTEM32\DBGHELP.DLL
0x00007fff18c00000 - 0x00007fff18f83000 	C:\WINDOWS\System32\combase.dll
0x00007fff18640000 - 0x00007fff18719000 	C:\WINDOWS\System32\OLEAUT32.dll
0x00007ffef3010000 - 0x00007ffef304b000 	C:\WINDOWS\SYSTEM32\dbgcore.DLL
0x00007fff17460000 - 0x00007fff17508000 	C:\WINDOWS\System32\bcryptPrimitives.dll
0x00007ffef3be0000 - 0x00007ffef3bef000 	c:\Users\vikas\.antigravity\extensions\redhat.java-1.54.0-win32-x64\jre\21.0.10-win32-x86_64\bin\instrument.dll
0x00007ffed7050000 - 0x00007ffed7070000 	c:\Users\vikas\.antigravity\extensions\redhat.java-1.54.0-win32-x64\jre\21.0.10-win32-x86_64\bin\java.dll
0x00007fff19840000 - 0x00007fff19fae000 	C:\WINDOWS\System32\SHELL32.dll
0x00007fff17510000 - 0x00007fff17d7c000 	C:\WINDOWS\System32\windows.storage.dll
0x00007fff190a0000 - 0x00007fff19196000 	C:\WINDOWS\System32\SHCORE.dll
0x00007fff195d0000 - 0x00007fff19636000 	C:\WINDOWS\System32\shlwapi.dll
0x00007fff16950000 - 0x00007fff16979000 	C:\WINDOWS\SYSTEM32\profapi.dll
0x00007ffecbaf0000 - 0x00007ffecbb08000 	c:\Users\vikas\.antigravity\extensions\redhat.java-1.54.0-win32-x64\jre\21.0.10-win32-x86_64\bin\zip.dll
0x00007ffef5870000 - 0x00007ffef5880000 	C:\Users\vikas\.antigravity\extensions\redhat.java-1.54.0-win32-x64\jre\21.0.10-win32-x86_64\bin\net.dll
0x00007fff0e250000 - 0x00007fff0e379000 	C:\WINDOWS\SYSTEM32\WINHTTP.dll
0x00007fff15d30000 - 0x00007fff15d9c000 	C:\WINDOWS\system32\mswsock.dll
0x00007ffec4310000 - 0x00007ffec4326000 	C:\Users\vikas\.antigravity\extensions\redhat.java-1.54.0-win32-x64\jre\21.0.10-win32-x86_64\bin\nio.dll
0x00007ffef1160000 - 0x00007ffef1170000 	c:\Users\vikas\.antigravity\extensions\redhat.java-1.54.0-win32-x64\jre\21.0.10-win32-x86_64\bin\verify.dll
0x00007ffeb0bd0000 - 0x00007ffeb0c15000 	C:\Users\vikas\AppData\Roaming\Antigravity\User\globalStorage\redhat.java\1.54.0\config_win\org.eclipse.equinox.launcher\org.eclipse.equinox.launcher.win32.win32.x86_64_1.3.0.v20260203-2149\eclipse_11919.dll
0x00007fff19380000 - 0x00007fff19517000 	C:\WINDOWS\System32\ole32.dll
0x00007ffed2d40000 - 0x00007ffed2d4a000 	C:\Users\vikas\.antigravity\extensions\redhat.java-1.54.0-win32-x64\jre\21.0.10-win32-x86_64\bin\management.dll
0x00007ffeca6d0000 - 0x00007ffeca6dc000 	C:\Users\vikas\.antigravity\extensions\redhat.java-1.54.0-win32-x64\jre\21.0.10-win32-x86_64\bin\management_ext.dll
0x00007fff19830000 - 0x00007fff19838000 	C:\WINDOWS\System32\PSAPI.DLL
0x00007fff16010000 - 0x00007fff1602b000 	C:\WINDOWS\SYSTEM32\CRYPTSP.dll
0x00007fff15720000 - 0x00007fff15759000 	C:\WINDOWS\system32\rsaenh.dll
0x00007fff15de0000 - 0x00007fff15e13000 	C:\WINDOWS\SYSTEM32\USERENV.dll
0x00007fff16920000 - 0x00007fff1694a000 	C:\WINDOWS\SYSTEM32\bcrypt.dll
0x00007fff16030000 - 0x00007fff1603c000 	C:\WINDOWS\SYSTEM32\CRYPTBASE.dll
0x00007fff15230000 - 0x00007fff15262000 	C:\WINDOWS\SYSTEM32\IPHLPAPI.DLL
0x00007fff19640000 - 0x00007fff1964a000 	C:\WINDOWS\System32\NSI.dll
0x00007ffeaa5b0000 - 0x00007ffeaa5f9000 	C:\Users\vikas\AppData\Local\Temp\jna-112209482\jna12538431622299403097.dll
0x00007fff0e7b0000 - 0x00007fff0e7cd000 	C:\WINDOWS\SYSTEM32\dhcpcsvc6.DLL
0x00007fff0e5f0000 - 0x00007fff0e615000 	C:\WINDOWS\SYSTEM32\dhcpcsvc.DLL
0x00007ffed70c0000 - 0x00007ffed70ce000 	C:\Users\vikas\.antigravity\extensions\redhat.java-1.54.0-win32-x64\jre\21.0.10-win32-x86_64\bin\sunmscapi.dll
0x00007fff16b80000 - 0x00007fff16cf8000 	C:\WINDOWS\System32\CRYPT32.dll
0x00007fff16230000 - 0x00007fff16260000 	C:\WINDOWS\SYSTEM32\ncrypt.dll
0x00007fff161e0000 - 0x00007fff1621f000 	C:\WINDOWS\SYSTEM32\NTASN1.dll
0x00007fff15270000 - 0x00007fff153a2000 	C:\WINDOWS\SYSTEM32\DNSAPI.dll
0x00007fff0b9b0000 - 0x00007fff0b9bb000 	C:\Windows\System32\rasadhlp.dll
0x00007fff0f0e0000 - 0x00007fff0f166000 	C:\WINDOWS\System32\fwpuclnt.dll
0x00007ffed6e80000 - 0x00007ffed6e89000 	C:\Users\vikas\.antigravity\extensions\redhat.java-1.54.0-win32-x64\jre\21.0.10-win32-x86_64\bin\extnet.dll
0x00007ffea0e10000 - 0x00007ffea0e37000 	C:\Users\vikas\.gradle\native\660c5614fbf4a5f2a75b1949f50a0caf5cd603558e7d8a26e50b933a0cfb79d1\windows-amd64\native-platform.dll
0x00007ffeef620000 - 0x00007ffeef628000 	C:\WINDOWS\system32\wshunix.dll

JVMTI agents:
c:\Users\vikas\.antigravity\extensions\redhat.java-1.54.0-win32-x64\lombok\lombok-1.18.39-4050.jar path:c:\Users\vikas\.antigravity\extensions\redhat.java-1.54.0-win32-x64\jre\21.0.10-win32-x86_64\bin\instrument.dll, loaded, initialized, instrumentlib options:none

dbghelp: loaded successfully - version: 4.0.5 - missing functions: none
symbol engine: initialized successfully - sym options: 0x614 - pdb path: .;c:\Users\vikas\.antigravity\extensions\redhat.java-1.54.0-win32-x64\jre\21.0.10-win32-x86_64\bin;C:\WINDOWS\SYSTEM32;C:\WINDOWS\WinSxS\amd64_microsoft.windows.common-controls_6595b64144ccf1df_6.0.26100.8457_none_3e0b2faee331e92d;c:\Users\vikas\.antigravity\extensions\redhat.java-1.54.0-win32-x64\jre\21.0.10-win32-x86_64\bin\server;C:\Users\vikas\AppData\Roaming\Antigravity\User\globalStorage\redhat.java\1.54.0\config_win\org.eclipse.equinox.launcher\org.eclipse.equinox.launcher.win32.win32.x86_64_1.3.0.v20260203-2149;C:\Users\vikas\AppData\Local\Temp\jna-112209482;C:\Users\vikas\.gradle\native\660c5614fbf4a5f2a75b1949f50a0caf5cd603558e7d8a26e50b933a0cfb79d1\windows-amd64

VM Arguments:
jvm_args: --add-modules=ALL-SYSTEM --add-opens=java.base/java.util=ALL-UNNAMED --add-opens=java.base/java.lang=ALL-UNNAMED --add-opens=java.base/sun.nio.fs=ALL-UNNAMED -Declipse.application=org.eclipse.jdt.ls.core.id1 -Dosgi.bundles.defaultStartLevel=4 -Declipse.product=org.eclipse.jdt.ls.core.product -Djava.import.generatesMetadataFilesAtProjectRoot=false -DDetectVMInstallationsJob.disabled=true -Dfile.encoding=utf8 -XX:+UseParallelGC -XX:GCTimeRatio=4 -XX:AdaptiveSizePolicyWeight=90 -Dsun.zip.disableMemoryMapping=true -Xmx2G -Xms100m -Xlog:disable -javaagent:c:\Users\vikas\.antigravity\extensions\redhat.java-1.54.0-win32-x64\lombok\lombok-1.18.39-4050.jar -XX:+HeapDumpOnOutOfMemoryError -XX:HeapDumpPath=c:\Users\vikas\AppData\Roaming\Antigravity\User\workspaceStorage\0d70db5b4cd71b2e347c03300da532e0\redhat.java -Daether.dependencyCollector.impl=bf 
java_command: c:\Users\vikas\.antigravity\extensions\redhat.java-1.54.0-win32-x64\server\plugins\org.eclipse.equinox.launcher_1.7.100.v20251111-0406.jar -configuration c:\Users\vikas\AppData\Roaming\Antigravity\User\globalStorage\redhat.java\1.54.0\config_win -data c:\Users\vikas\AppData\Roaming\Antigravity\User\workspaceStorage\0d70db5b4cd71b2e347c03300da532e0\redhat.java\jdt_ws --pipe=\\.\pipe\lsp-6f4c65e38d2c75554f29fe5535849c66-sock
java_class_path (initial): c:\Users\vikas\.antigravity\extensions\redhat.java-1.54.0-win32-x64\server\plugins\org.eclipse.equinox.launcher_1.7.100.v20251111-0406.jar
Launcher Type: SUN_STANDARD

[Global flags]
    uintx AdaptiveSizePolicyWeight                 = 90                                        {product} {command line}
     intx CICompilerCount                          = 4                                         {product} {ergonomic}
    uintx GCTimeRatio                              = 4                                         {product} {command line}
     bool HeapDumpOnOutOfMemoryError               = true                                   {manageable} {command line}
    ccstr HeapDumpPath                             = c:\Users\vikas\AppData\Roaming\Antigravity\User\workspaceStorage\0d70db5b4cd71b2e347c03300da532e0\redhat.java         {manageable} {command line}
   size_t InitialHeapSize                          = 104857600                                 {product} {command line}
   size_t MaxHeapSize                              = 2147483648                                {product} {command line}
   size_t MaxNewSize                               = 715653120                                 {product} {ergonomic}
   size_t MinHeapDeltaBytes                        = 524288                                    {product} {ergonomic}
   size_t MinHeapSize                              = 104857600                                 {product} {command line}
   size_t NewSize                                  = 34603008                                  {product} {ergonomic}
    uintx NonNMethodCodeHeapSize                   = 5839372                                {pd product} {ergonomic}
    uintx NonProfiledCodeHeapSize                  = 122909434                              {pd product} {ergonomic}
   size_t OldSize                                  = 70254592                                  {product} {ergonomic}
    uintx ProfiledCodeHeapSize                     = 122909434                              {pd product} {ergonomic}
    uintx ReservedCodeCacheSize                    = 251658240                              {pd product} {ergonomic}
     bool SegmentedCodeCache                       = true                                      {product} {ergonomic}
   size_t SoftMaxHeapSize                          = 2147483648                             {manageable} {ergonomic}
     bool UseCompressedOops                        = true                           {product lp64_product} {ergonomic}
     bool UseLargePagesIndividualAllocation        = false                                  {pd product} {ergonomic}
     bool UseParallelGC                            = true                                      {product} {command line}

Logging:
Log output configuration:
 #0: stdout all=off uptime,level,tags foldmultilines=false
 #1: stderr all=off uptime,level,tags foldmultilines=false

Release file:
JAVA_VERSION="21.0.10" 
MODULES="java.base java.compiler java.datatransfer java.xml java.prefs java.desktop java.instrument java.logging java.management java.security.sasl java.naming java.rmi java.management.rmi java.net.http java.scripting java.security.jgss java.transaction.xa java.sql java.sql.rowset java.xml.crypto java.se java.smartcardio jdk.accessibility jdk.internal.jvmstat jdk.attach jdk.charsets jdk.internal.opt jdk.zipfs jdk.compiler jdk.crypto.ec jdk.crypto.cryptoki jdk.crypto.mscapi jdk.dynalink jdk.internal.ed jdk.editpad jdk.hotspot.agent jdk.httpserver jdk.internal.le jdk.internal.vm.ci jdk.internal.vm.compiler jdk.internal.vm.compiler.management jdk.jartool jdk.javadoc jdk.jcmd jdk.management jdk.management.agent jdk.jconsole jdk.jdeps jdk.jdwp.agent jdk.jdi jdk.jfr jdk.jshell jdk.jsobject jdk.jstatd jdk.localedata jdk.management.jfr jdk.naming.dns jdk.naming.rmi jdk.net jdk.nio.mapmode jdk.random jdk.sctp jdk.security.auth jdk.security.jgss jdk.unsupported jdk.unsupported.desktop jdk.xml.dom" 

Environment Variables:
JAVA_HOME=C:\Program Files\Java\jdk-17
PATH=C:\app\vikas\product\21c\dbhomeXE\bin;C:\WINDOWS\system32;C:\WINDOWS;C:\WINDOWS\System32\Wbem;C:\WINDOWS\System32\WindowsPowerShell\v1.0\;C:\WINDOWS\System32\OpenSSH\;C:\gcc-14.1.0\bin;C:\Program Files\Git\cmd;C:\Program Files (x86)\Microsoft SQL Server\160\Tools\Binn\;C:\Program Files\Microsoft SQL Server\160\Tools\Binn\;C:\Program Files\Microsoft SQL Server\Client SDK\ODBC\170\Tools\Binn\;C:\Program Files\Microsoft SQL Server\160\DTS\Binn\;C:\Program Files (x86)\Microsoft SQL Server\160\DTS\Binn\;C:\Program Files\nodejs\;C:\maven\apache-maven-3.9.12\apache-maven-3.9.12\bin;C:\Program Files\Java\jdk-17\bin;C:\Users\vikas\.cargo\bin;c:\Users\vikas\AppData\Local\Programs\cursor\resources\app\codeBin;C:\Program Files\MySQL\MySQL Shell 8.0\bin\;C:\Users\vikas\AppData\Local\Programs\Python\Python312\Scripts\;C:\Users\vikas\AppData\Local\Programs\Python\Python312\;C:\Users\vikas\AppData\Local\Microsoft\WindowsApps;C:\Users\vikas\AppData\Local\Programs\Microsoft VS Code\bin;C:\MinGW\bin;C:\msys64\ucrt64\bin;C:\Users\vikas\AppData\Roaming\npm;C:\Users\vikas\AppData\Local\Programs\cursor\resources\app\bin;C:\Users\vikas\AppData\Local\Programs\Antigravity\bin
USERNAME=vikas
OS=Windows_NT
PROCESSOR_IDENTIFIER=Intel64 Family 6 Model 154 Stepping 4, GenuineIntel
TMP=C:\Users\vikas\AppData\Local\Temp
TEMP=C:\Users\vikas\AppData\Local\Temp




Periodic native trim disabled

---------------  S Y S T E M  ---------------

OS:
 Windows 11 , 64 bit Build 26100 (10.0.26100.8328)
OS uptime: 0 days 22:45 hours
Hyper-V role detected

CPU: total 12 (initial active 12) (6 cores per cpu, 2 threads per core) family 6 model 154 stepping 4 microcode 0x42c, cx8, cmov, fxsr, ht, mmx, 3dnowpref, sse, sse2, sse3, ssse3, sse4.1, sse4.2, popcnt, lzcnt, tsc, tscinvbit, avx, avx2, aes, erms, clmul, bmi1, bmi2, adx, sha, fma, vzeroupper, clflush, clflushopt, clwb, hv, serialize, rdtscp, rdpid, fsrm, f16c, cet_ibt, cet_ss
Processor Information for processor 0
  Max Mhz: 1300, Current Mhz: 1300, Mhz Limit: 1300
Processor Information for processor 1
  Max Mhz: 1300, Current Mhz: 1300, Mhz Limit: 1300
Processor Information for processor 2
  Max Mhz: 1300, Current Mhz: 1300, Mhz Limit: 1300
Processor Information for processor 3
  Max Mhz: 1300, Current Mhz: 1300, Mhz Limit: 1300
Processor Information for processor 4
  Max Mhz: 1300, Current Mhz: 900, Mhz Limit: 897
Processor Information for processor 5
  Max Mhz: 1300, Current Mhz: 900, Mhz Limit: 897
Processor Information for processor 6
  Max Mhz: 1300, Current Mhz: 900, Mhz Limit: 897
Processor Information for processor 7
  Max Mhz: 1300, Current Mhz: 900, Mhz Limit: 897
Processor Information for processor 8
  Max Mhz: 1300, Current Mhz: 900, Mhz Limit: 897
Processor Information for processor 9
  Max Mhz: 1300, Current Mhz: 900, Mhz Limit: 897
Processor Information for processor 10
  Max Mhz: 1300, Current Mhz: 900, Mhz Limit: 897
Processor Information for processor 11
  Max Mhz: 1300, Current Mhz: 900, Mhz Limit: 897

Memory: 4k page, system-wide physical 16055M (1622M free)
TotalPageFile size 24247M (AvailPageFile size 623M)
current process WorkingSet (physical memory assigned to process): 373M, peak: 374M
current process commit charge ("private bytes"): 440M, peak: 442M

vm_info: OpenJDK 64-Bit Server VM (21.0.10+7-LTS) for windows-amd64 JRE (21.0.10+7-LTS), built on 2026-01-20T00:00:00Z by "admin" with MS VC++ 17.12 (VS2022)

END.
